// Jest Snapshot v1, https://goo.gl/fbAQLP

exports[`button test should be a button 1`] = `
<div>
  按钮
</div>
`;
